---
http_interactions:
- request:
    method: delete
    uri: http://localhost:9200/shikimori_test_collections
    body:
      encoding: US-ASCII
      string: ''
    headers:
      User-Agent:
      - 'elasticsearch-ruby/7.5.0 (RUBY_VERSION: 2.6.6; darwin x86_64; Faraday v0.17.3)'
      Content-Type:
      - application/json
      Accept-Encoding:
      - gzip;q=1.0,deflate;q=0.6,identity;q=0.3
      Accept:
      - "*/*"
  response:
    status:
      code: 200
      message: OK
    headers:
      Content-Type:
      - application/json; charset=UTF-8
      Content-Length:
      - '47'
    body:
      encoding: ASCII-8BIT
      string: '{"acknowledged":true}'
  recorded_at: Thu, 10 May 2018 16:00:00 GMT
- request:
    method: put
    uri: http://localhost:9200/shikimori_test_collections?include_type_name=true
    body:
      encoding: UTF-8
      string: '{"settings":{"number_of_shards":1,"similarity":{"scripted_tfidf":{"type":"scripted","script":{"source":"double
        tf = Math.sqrt(doc.freq); double from_min = 1.0; double from_max = 20.0; double
        to_min = 0.9; double to_max = 1.0; double x = doc.length; double percent =
        (x - from_min) / (from_max - from_min); double fixed_percent = Math.min(1,
        Math.max(percent, 0)); double norm = 1.0 / (to_min + (to_max - to_min) * percent);
        return query.boost * tf * norm;"}}},"index":{"max_ngram_diff":20},"analysis":{"tokenizer":{"edge_ngram_tokenizer":{"type":"edgeNGram","min_gram":1,"max_gram":20}},"filter":{"edgeNGram_filter":{"type":"edgeNGram","min_gram":1,"max_gram":20,"side":"front"},"nGram_filter":{"type":"nGram","min_gram":1,"max_gram":20},"distinct_words_filter":{"type":"unique","only_on_same_position":true},"unique_words_filter":{"type":"unique"},"synonyms_filter":{"type":"synonym","synonyms":["i,
        s1, 1","ii, s2, 2, Ⅱ","iii, s3, 3, Ⅲ","iv, s4, 4, Ⅳ","v, s5, 5, Ⅴ","vi, s6,
        6, Ⅵ","vii, s7, 7, Ⅶ","viii, s8, 8, Ⅷ","ix, s9, 9, Ⅸ","x, s10, 10, Ⅹ"]}},"char_filter":{"default_char_mappings":{"type":"mapping","mappings":["Ё
        =\u003e Е","ё =\u003e е",". =\u003e \\u0020","_ =\u003e \\u0020","- =\u003e
        \\u0020"]}},"analyzer":{"original_analyzer":{"type":"custom","tokenizer":"keyword","filter":["lowercase","asciifolding","synonyms_filter"],"char_filter":["default_char_mappings"]},"edge_phrase_analyzer":{"type":"custom","tokenizer":"edge_ngram_tokenizer","filter":["lowercase","asciifolding","synonyms_filter","edgeNGram_filter","unique_words_filter"],"char_filter":["default_char_mappings"]},"edge_word_analyzer":{"type":"custom","tokenizer":"standard","filter":["lowercase","asciifolding","synonyms_filter","edgeNGram_filter"],"char_filter":["default_char_mappings"]},"ngram_analyzer":{"type":"custom","tokenizer":"standard","filter":["lowercase","asciifolding","synonyms_filter","nGram_filter","distinct_words_filter"],"char_filter":["default_char_mappings"]},"search_phrase_analyzer":{"type":"custom","tokenizer":"keyword","filter":["lowercase","asciifolding","synonyms_filter"],"char_filter":["default_char_mappings"]},"search_word_analyzer":{"type":"custom","tokenizer":"standard","filter":["lowercase","asciifolding","synonyms_filter"],"char_filter":["default_char_mappings"]}}}},"mappings":{"collection":{"properties":{"name":{"type":"keyword","index":false,"fields":{"original":{"type":"text","index":true,"analyzer":"original_analyzer","search_analyzer":"search_phrase_analyzer","similarity":"scripted_tfidf"},"edge_phrase":{"type":"text","index":true,"analyzer":"edge_phrase_analyzer","search_analyzer":"search_phrase_analyzer","similarity":"scripted_tfidf"},"edge_word":{"type":"text","index":true,"analyzer":"edge_word_analyzer","search_analyzer":"search_word_analyzer","similarity":"scripted_tfidf"},"ngram":{"type":"text","index":true,"analyzer":"ngram_analyzer","search_analyzer":"search_word_analyzer","similarity":"scripted_tfidf"}}},"locale":{"type":"keyword"}}}}}'
    headers:
      User-Agent:
      - 'elasticsearch-ruby/7.5.0 (RUBY_VERSION: 2.6.6; darwin x86_64; Faraday v0.17.3)'
      Content-Type:
      - application/json
      Accept-Encoding:
      - gzip;q=1.0,deflate;q=0.6,identity;q=0.3
      Accept:
      - "*/*"
  response:
    status:
      code: 200
      message: OK
    headers:
      Warning:
      - 299 Elasticsearch-7.9.3-SNAPSHOT-unknown "The [edgeNGram] token filter name
        is deprecated and will be removed in a future version. Please change the filter
        name to [edge_ngram] instead."
      - 299 Elasticsearch-7.9.3-SNAPSHOT-unknown "The [edgeNGram] tokenizer name is
        deprecated and will be removed in a future version. Please change the tokenizer
        name to [edge_ngram] instead."
      - 299 Elasticsearch-7.9.3-SNAPSHOT-unknown "The [nGram] token filter name is
        deprecated and will be removed in a future version. Please change the filter
        name to [ngram] instead."
      - 299 Elasticsearch-7.9.3-SNAPSHOT-unknown "[types removal] Using include_type_name
        in create index requests is deprecated. The parameter will be removed in the
        next major version."
      Content-Type:
      - application/json; charset=UTF-8
      Content-Length:
      - '91'
    body:
      encoding: ASCII-8BIT
      string: '{"acknowledged":true,"shards_acknowledged":true,"index":"shikimori_test_collections"}'
  recorded_at: Thu, 10 May 2018 16:00:00 GMT
- request:
    method: head
    uri: http://localhost:9200/shikimori_test_collections
    body:
      encoding: US-ASCII
      string: ''
    headers:
      User-Agent:
      - 'elasticsearch-ruby/7.5.0 (RUBY_VERSION: 2.6.6; darwin x86_64; Faraday v0.17.3)'
      Content-Type:
      - application/json
      Accept:
      - "*/*"
  response:
    status:
      code: 200
      message: OK
    headers:
      Content-Type:
      - application/json; charset=UTF-8
      Content-Length:
      - '3139'
    body:
      encoding: UTF-8
      string: ''
  recorded_at: Thu, 10 May 2018 16:00:00 GMT
- request:
    method: post
    uri: http://localhost:9200/shikimori_test_collections/collection/_bulk?refresh=true
    body:
      encoding: UTF-8
      string: |
        {"index":{"_id":1}}
        {"name":"test","locale":"ru"}
    headers:
      User-Agent:
      - 'elasticsearch-ruby/7.5.0 (RUBY_VERSION: 2.6.6; darwin x86_64; Faraday v0.17.3)'
      Content-Type:
      - application/x-ndjson
      Accept-Encoding:
      - gzip;q=1.0,deflate;q=0.6,identity;q=0.3
      Accept:
      - "*/*"
  response:
    status:
      code: 200
      message: OK
    headers:
      Warning:
      - 299 Elasticsearch-7.9.3-SNAPSHOT-unknown "[types removal] Specifying types
        in bulk requests is deprecated."
      Content-Type:
      - application/json; charset=UTF-8
      Content-Length:
      - '204'
    body:
      encoding: ASCII-8BIT
      string: '{"took":38,"errors":false,"items":[{"index":{"_index":"shikimori_test_collections","_type":"collection","_id":"1","_version":1,"result":"created","forced_refresh":true,"_shards":{"total":2,"successful":1,"failed":0},"_seq_no":0,"_primary_term":1,"status":201}}]}'
  recorded_at: Thu, 10 May 2018 16:00:00 GMT
- request:
    method: head
    uri: http://localhost:9200/shikimori_test_collections
    body:
      encoding: US-ASCII
      string: ''
    headers:
      User-Agent:
      - 'elasticsearch-ruby/7.5.0 (RUBY_VERSION: 2.6.6; darwin x86_64; Faraday v0.17.3)'
      Content-Type:
      - application/json
      Accept:
      - "*/*"
  response:
    status:
      code: 200
      message: OK
    headers:
      Content-Type:
      - application/json; charset=UTF-8
      Content-Length:
      - '3139'
    body:
      encoding: UTF-8
      string: ''
  recorded_at: Thu, 10 May 2018 16:00:00 GMT
- request:
    method: post
    uri: http://localhost:9200/shikimori_test_collections/collection/_bulk?refresh=true
    body:
      encoding: UTF-8
      string: |
        {"index":{"_id":2}}
        {"name":"test zxct","locale":"ru"}
    headers:
      User-Agent:
      - 'elasticsearch-ruby/7.5.0 (RUBY_VERSION: 2.6.6; darwin x86_64; Faraday v0.17.3)'
      Content-Type:
      - application/x-ndjson
      Accept-Encoding:
      - gzip;q=1.0,deflate;q=0.6,identity;q=0.3
      Accept:
      - "*/*"
  response:
    status:
      code: 200
      message: OK
    headers:
      Warning:
      - 299 Elasticsearch-7.9.3-SNAPSHOT-unknown "[types removal] Specifying types
        in bulk requests is deprecated."
      Content-Type:
      - application/json; charset=UTF-8
      Content-Length:
      - '201'
    body:
      encoding: ASCII-8BIT
      string: '{"took":28,"errors":false,"items":[{"index":{"_index":"shikimori_test_collections","_type":"collection","_id":"2","_version":1,"result":"created","forced_refresh":true,"_shards":{"total":2,"successful":1,"failed":0},"_seq_no":1,"_primary_term":1,"status":201}}]}'
  recorded_at: Thu, 10 May 2018 16:00:00 GMT
- request:
    method: head
    uri: http://localhost:9200/shikimori_test_collections
    body:
      encoding: US-ASCII
      string: ''
    headers:
      User-Agent:
      - 'elasticsearch-ruby/7.5.0 (RUBY_VERSION: 2.6.6; darwin x86_64; Faraday v0.17.3)'
      Content-Type:
      - application/json
      Accept:
      - "*/*"
  response:
    status:
      code: 200
      message: OK
    headers:
      Content-Type:
      - application/json; charset=UTF-8
      Content-Length:
      - '3139'
    body:
      encoding: UTF-8
      string: ''
  recorded_at: Thu, 10 May 2018 16:00:00 GMT
- request:
    method: post
    uri: http://localhost:9200/shikimori_test_collections/collection/_bulk?refresh=true
    body:
      encoding: UTF-8
      string: |
        {"index":{"_id":3}}
        {"name":"test 2","locale":"en"}
    headers:
      User-Agent:
      - 'elasticsearch-ruby/7.5.0 (RUBY_VERSION: 2.6.6; darwin x86_64; Faraday v0.17.3)'
      Content-Type:
      - application/x-ndjson
      Accept-Encoding:
      - gzip;q=1.0,deflate;q=0.6,identity;q=0.3
      Accept:
      - "*/*"
  response:
    status:
      code: 200
      message: OK
    headers:
      Warning:
      - 299 Elasticsearch-7.9.3-SNAPSHOT-unknown "[types removal] Specifying types
        in bulk requests is deprecated."
      Content-Type:
      - application/json; charset=UTF-8
      Content-Length:
      - '204'
    body:
      encoding: ASCII-8BIT
      string: '{"took":28,"errors":false,"items":[{"index":{"_index":"shikimori_test_collections","_type":"collection","_id":"3","_version":1,"result":"created","forced_refresh":true,"_shards":{"total":2,"successful":1,"failed":0},"_seq_no":2,"_primary_term":1,"status":201}}]}'
  recorded_at: Thu, 10 May 2018 16:00:00 GMT
- request:
    method: get
    uri: http://localhost:9200/shikimori_test_collections/collection/_search?rest_total_hits_as_int=true
    body:
      encoding: UTF-8
      string: '{"size":10,"query":{"bool":{"must":[{"dis_max":{"queries":[{"match":{"name.original":{"query":"test","boost":400}}},{"match":{"name.edge_phrase":{"query":"test","boost":50}}},{"match":{"name.edge_word":{"query":"test","boost":20}}},{"match":{"name.ngram":{"query":"test"}}}],"tie_breaker":0,"boost":1}},{"term":{"locale":"ru"}}]}}}'
    headers:
      User-Agent:
      - 'elasticsearch-ruby/7.5.0 (RUBY_VERSION: 2.6.6; darwin x86_64; Faraday v0.17.3)'
      Content-Type:
      - application/json
      Accept-Encoding:
      - gzip;q=1.0,deflate;q=0.6,identity;q=0.3
      Accept:
      - "*/*"
  response:
    status:
      code: 200
      message: OK
    headers:
      Warning:
      - 299 Elasticsearch-7.9.3-SNAPSHOT-unknown "[types removal] Specifying types
        in search requests is deprecated."
      Content-Type:
      - application/json; charset=UTF-8
      Content-Length:
      - '223'
    body:
      encoding: ASCII-8BIT
      string: '{"took":0,"timed_out":false,"_shards":{"total":1,"successful":1,"skipped":0,"failed":0},"hits":{"total":2,"max_score":444.91446,"hits":[{"_index":"shikimori_test_collections","_type":"collection","_id":"1","_score":444.91446,"_source":{"name":"test","locale":"ru"}},{"_index":"shikimori_test_collections","_type":"collection","_id":"2","_score":56.025562,"_source":{"name":"test
        zxct","locale":"ru"}}]}}'
  recorded_at: Thu, 10 May 2018 16:00:00 GMT
- request:
    method: get
    uri: http://localhost:9200/
    body:
      encoding: US-ASCII
      string: ''
    headers:
      User-Agent:
      - 'elasticsearch-ruby/7.5.0 (RUBY_VERSION: 2.6.6; darwin x86_64; Faraday v0.17.3)'
      Content-Type:
      - application/json
      Accept-Encoding:
      - gzip;q=1.0,deflate;q=0.6,identity;q=0.3
      Accept:
      - "*/*"
  response:
    status:
      code: 200
      message: OK
    headers:
      Content-Type:
      - application/json; charset=UTF-8
      Content-Length:
      - '310'
    body:
      encoding: ASCII-8BIT
      string: |
        {
          "name" : "mbp13",
          "cluster_name" : "elasticsearch_brew",
          "cluster_uuid" : "zsI_nPsHSduJqorx30dxkQ",
          "version" : {
            "number" : "7.9.3-SNAPSHOT",
            "build_flavor" : "oss",
            "build_type" : "tar",
            "build_hash" : "unknown",
            "build_date" : "2020-10-22T16:26:49.195652Z",
            "build_snapshot" : true,
            "lucene_version" : "8.6.2",
            "minimum_wire_compatibility_version" : "6.8.0",
            "minimum_index_compatibility_version" : "6.0.0-beta1"
          },
          "tagline" : "You Know, for Search"
        }
  recorded_at: Thu, 10 May 2018 16:00:00 GMT
- request:
    method: head
    uri: http://localhost:9200/shikimori_test_users
    body:
      encoding: US-ASCII
      string: ''
    headers:
      User-Agent:
      - 'elasticsearch-ruby/7.5.0 (RUBY_VERSION: 2.6.6; darwin x86_64; Faraday v0.17.3)'
      Content-Type:
      - application/json
      Accept:
      - "*/*"
  response:
    status:
      code: 200
      message: OK
    headers:
      Content-Type:
      - application/json; charset=UTF-8
      Content-Length:
      - '3169'
    body:
      encoding: UTF-8
      string: ''
  recorded_at: Thu, 10 May 2018 16:00:00 GMT
- request:
    method: post
    uri: http://localhost:9200/shikimori_test_users/user/_bulk?refresh=true
    body:
      encoding: UTF-8
      string: |
        {"index":{"_id":23457427}}
        {"nickname":"user_937","weight":0.9908735332464147}
    headers:
      User-Agent:
      - 'elasticsearch-ruby/7.5.0 (RUBY_VERSION: 2.6.6; darwin x86_64; Faraday v0.17.3)'
      Content-Type:
      - application/x-ndjson
      Accept-Encoding:
      - gzip;q=1.0,deflate;q=0.6,identity;q=0.3
      Accept:
      - "*/*"
  response:
    status:
      code: 200
      message: OK
    headers:
      Content-Type:
      - application/json; charset=UTF-8
      Content-Length:
      - '208'
    body:
      encoding: ASCII-8BIT
      string: '{"took":108,"errors":false,"items":[{"index":{"_index":"shikimori_test_users","_type":"user","_id":"23457427","_version":1,"result":"created","forced_refresh":true,"_shards":{"total":2,"successful":1,"failed":0},"_seq_no":5,"_primary_term":2,"status":201}}]}'
  recorded_at: Thu, 10 May 2018 16:00:00 GMT
- request:
    method: post
    uri: http://localhost:9200/shikimori_test_users/user/_bulk?refresh=true
    body:
      encoding: UTF-8
      string: |
        {"index":{"_id":23456998}}
        {"nickname":"user_384","weight":0.9908735332464147}
    headers:
      User-Agent:
      - 'elasticsearch-ruby/7.5.0 (RUBY_VERSION: 2.6.6; darwin x86_64; Faraday v0.17.3)'
      Content-Type:
      - application/x-ndjson
      Accept-Encoding:
      - gzip;q=1.0,deflate;q=0.6,identity;q=0.3
      Accept:
      - "*/*"
  response:
    status:
      code: 200
      message: OK
    headers:
      Content-Type:
      - application/json; charset=UTF-8
      Content-Length:
      - '208'
    body:
      encoding: ASCII-8BIT
      string: '{"took":83,"errors":false,"items":[{"index":{"_index":"shikimori_test_users","_type":"user","_id":"23456998","_version":1,"result":"created","forced_refresh":true,"_shards":{"total":2,"successful":1,"failed":0},"_seq_no":7,"_primary_term":2,"status":201}}]}'
  recorded_at: Thu, 10 May 2018 16:00:00 GMT
- request:
    method: get
    uri: http://localhost:9200/shikimori_test_collections/_alias
    body:
      encoding: US-ASCII
      string: ''
    headers:
      User-Agent:
      - 'elasticsearch-ruby/7.6.0 (RUBY_VERSION: 2.6.7; darwin x86_64; Faraday v1.4.2)'
      Content-Type:
      - application/json
      Accept-Encoding:
      - gzip;q=1.0,deflate;q=0.6,identity;q=0.3
      Accept:
      - "*/*"
  response:
    status:
      code: 200
      message: OK
    headers:
      Content-Type:
      - application/json; charset=UTF-8
      Content-Length:
      - '69'
    body:
      encoding: ASCII-8BIT
      string: '{"shikimori_test_collections":{"aliases":{}}}'
  recorded_at: Thu, 10 May 2018 16:00:00 GMT
- request:
    method: put
    uri: http://localhost:9200/shikimori_test_collections?include_type_name=true
    body:
      encoding: UTF-8
      string: '{"settings":{"number_of_shards":1,"similarity":{"scripted_tfidf":{"type":"scripted","script":{"source":"double
        tf = Math.sqrt(doc.freq); double from_min = 1.0; double from_max = 20.0; double
        to_min = 0.9; double to_max = 1.0; double x = doc.length; double percent =
        (x - from_min) / (from_max - from_min); double fixed_percent = Math.min(1,
        Math.max(percent, 0)); double norm = 1.0 / (to_min + (to_max - to_min) * percent);
        return query.boost * tf * norm;"}}},"index":{"max_ngram_diff":20},"analysis":{"tokenizer":{"edge_ngram_tokenizer":{"type":"edgeNGram","min_gram":1,"max_gram":20}},"filter":{"edgeNGram_filter":{"type":"edgeNGram","min_gram":1,"max_gram":20,"side":"front"},"nGram_filter":{"type":"nGram","min_gram":1,"max_gram":20},"distinct_words_filter":{"type":"unique","only_on_same_position":true},"unique_words_filter":{"type":"unique"},"synonyms_filter":{"type":"synonym","synonyms":["i,
        s1, 1","ii, s2, 2, Ⅱ","iii, s3, 3, Ⅲ","iv, s4, 4, Ⅳ","v, s5, 5, Ⅴ","vi, s6,
        6, Ⅵ","vii, s7, 7, Ⅶ","viii, s8, 8, Ⅷ","ix, s9, 9, Ⅸ","x, s10, 10, Ⅹ"]}},"char_filter":{"default_char_mappings":{"type":"mapping","mappings":["Ё
        =\u003e Е","ё =\u003e е",". =\u003e \\u0020","_ =\u003e \\u0020","- =\u003e
        \\u0020"]}},"analyzer":{"original_analyzer":{"type":"custom","tokenizer":"keyword","filter":["lowercase","asciifolding","synonyms_filter"],"char_filter":["default_char_mappings"]},"edge_phrase_analyzer":{"type":"custom","tokenizer":"edge_ngram_tokenizer","filter":["lowercase","asciifolding","synonyms_filter","edgeNGram_filter","unique_words_filter"],"char_filter":["default_char_mappings"]},"edge_word_analyzer":{"type":"custom","tokenizer":"standard","filter":["lowercase","asciifolding","synonyms_filter","edgeNGram_filter"],"char_filter":["default_char_mappings"]},"ngram_analyzer":{"type":"custom","tokenizer":"standard","filter":["lowercase","asciifolding","synonyms_filter","nGram_filter","distinct_words_filter"],"char_filter":["default_char_mappings"]},"search_phrase_analyzer":{"type":"custom","tokenizer":"keyword","filter":["lowercase","asciifolding","synonyms_filter"],"char_filter":["default_char_mappings"]},"search_word_analyzer":{"type":"custom","tokenizer":"standard","filter":["lowercase","asciifolding","synonyms_filter"],"char_filter":["default_char_mappings"]}}}},"mappings":{"collection":{"properties":{"name":{"type":"keyword","index":false,"fields":{"original":{"type":"text","index":true,"analyzer":"original_analyzer","search_analyzer":"search_phrase_analyzer","similarity":"scripted_tfidf"},"edge_phrase":{"type":"text","index":true,"analyzer":"edge_phrase_analyzer","search_analyzer":"search_phrase_analyzer","similarity":"scripted_tfidf"},"edge_word":{"type":"text","index":true,"analyzer":"edge_word_analyzer","search_analyzer":"search_word_analyzer","similarity":"scripted_tfidf"},"ngram":{"type":"text","index":true,"analyzer":"ngram_analyzer","search_analyzer":"search_word_analyzer","similarity":"scripted_tfidf"}}}}}}}'
    headers:
      User-Agent:
      - 'elasticsearch-ruby/7.6.0 (RUBY_VERSION: 2.6.3; linux x86_64; Faraday v1.8.0)'
      Content-Type:
      - application/json
      Accept-Encoding:
      - gzip;q=1.0,deflate;q=0.6,identity;q=0.3
      Accept:
      - "*/*"
  response:
    status:
      code: 400
      message: Bad Request
    headers:
      Content-Type:
      - application/json; charset=UTF-8
      Content-Length:
      - '191'
    body:
      encoding: ASCII-8BIT
      string: '{"error":{"root_cause":[{"type":"resource_already_exists_exception","reason":"index
        [shikimori_test_collections/26YIY2aBQiSD7afgqLPTww] already exists","index_uuid":"26YIY2aBQiSD7afgqLPTww","index":"shikimori_test_collections"}],"type":"resource_already_exists_exception","reason":"index
        [shikimori_test_collections/26YIY2aBQiSD7afgqLPTww] already exists","index_uuid":"26YIY2aBQiSD7afgqLPTww","index":"shikimori_test_collections"},"status":400}'
  recorded_at: Thu, 10 May 2018 16:00:00 GMT
recorded_with: VCR 6.1.0
